// Jest Snapshot v1, https://goo.gl/fbAQLP

exports[`CommitList component should render correctly 1`] = `<div />`;
